// Jest Snapshot v1, https://goo.gl/fbAQLP

exports[`Pruebas de GifGridItem debe de mostrar el componente correctamente 1`] = `
<div
  className="card animate__animated animate__swing"
>
  <img
    alt="Titulo test"
    src="https://localhost:3000/icon.jpg/"
  />
  <p>
     
    Titulo test
     
  </p>
</div>
`;
