// Jest Snapshot v1, https://goo.gl/fbAQLP

exports[`Pruebas para componente <GifGrid /> Se debe consumir el componente y generar el snapshot. 1`] = `
<Fragment>
  <h3>
    Dragon Ball Z
  </h3>
  <div
    className="card-grid"
  />
</Fragment>
`;
